# Pasted from an email: a greeting and a sign-off around the list, "10:00 –" time prefixes, indented sub-items.
source: PastedText
title: Here is the agenda for Thursday's planning session
warning: detailsSkipped
Coffee and arrivals | 09:30
Welcome and goals for the day | 10:00
Review of the spring roadmap | 10:15
Break | 11:00
Breakout groups | 11:15
  Onboarding flow
  Billing page
Lunch | 12:30
Group read-outs | 13:30
Next steps and owners | 14:30
